components/SplashCursor.tsx(576,46): error TS2339: Property 'width' does not exist on type '{}'.
components/SplashCursor.tsx(576,60): error TS2339: Property 'height' does not exist on type '{}'.
components/SplashCursor.tsx(577,63): error TS2339: Property 'fbo' does not exist on type '{}'.
components/SplashCursor.tsx(587,13): error TS7034: Variable 'dye' implicitly has type 'any' in some locations where its type cannot be determined.
components/SplashCursor.tsx(587,18): error TS7034: Variable 'velocity' implicitly has type 'any' in some locations where its type cannot be determined.
components/SplashCursor.tsx(587,28): error TS7034: Variable 'divergence' implicitly has type 'any' in some locations where its type cannot be determined.
components/SplashCursor.tsx(587,40): error TS7034: Variable 'curl' implicitly has type 'any' in some locations where its type cannot be determined.
components/SplashCursor.tsx(587,46): error TS7034: Variable 'pressure' implicitly has type 'any' in some locations where its type cannot be determined.
components/SplashCursor.tsx(610,18): error TS7005: Variable 'dye' implicitly has an 'any' type.
components/SplashCursor.tsx(611,68): error TS18047: 'rgba' is possibly 'null'.
components/SplashCursor.tsx(611,89): error TS18047: 'rgba' is possibly 'null'.
components/SplashCursor.tsx(613,73): error TS18047: 'rgba' is possibly 'null'.
components/SplashCursor.tsx(613,94): error TS18047: 'rgba' is possibly 'null'.
components/SplashCursor.tsx(615,18): error TS7005: Variable 'velocity' implicitly has an 'any' type.
components/SplashCursor.tsx(616,73): error TS18047: 'rg' is possibly 'null'.
components/SplashCursor.tsx(616,92): error TS18047: 'rg' is possibly 'null'.
components/SplashCursor.tsx(622,21): error TS18047: 'rg' is possibly 'null'.
components/SplashCursor.tsx(623,21): error TS18047: 'rg' is possibly 'null'.
components/SplashCursor.tsx(628,65): error TS18047: 'r' is possibly 'null'.
components/SplashCursor.tsx(628,83): error TS18047: 'r' is possibly 'null'.
components/SplashCursor.tsx(629,59): error TS18047: 'r' is possibly 'null'.
components/SplashCursor.tsx(629,77): error TS18047: 'r' is possibly 'null'.
components/SplashCursor.tsx(630,69): error TS18047: 'r' is possibly 'null'.
components/SplashCursor.tsx(630,87): error TS18047: 'r' is possibly 'null'.
components/SplashCursor.tsx(633,28): error TS7006: Parameter 'w' implicitly has an 'any' type.
components/SplashCursor.tsx(633,31): error TS7006: Parameter 'h' implicitly has an 'any' type.
components/SplashCursor.tsx(633,34): error TS7006: Parameter 'internalFormat' implicitly has an 'any' type.
components/SplashCursor.tsx(633,50): error TS7006: Parameter 'format' implicitly has an 'any' type.
components/SplashCursor.tsx(633,58): error TS7006: Parameter 'type' implicitly has an 'any' type.
components/SplashCursor.tsx(633,64): error TS7006: Parameter 'param' implicitly has an 'any' type.
components/SplashCursor.tsx(658,24): error TS7006: Parameter 'id' implicitly has an 'any' type.
components/SplashCursor.tsx(666,34): error TS7006: Parameter 'w' implicitly has an 'any' type.
components/SplashCursor.tsx(666,37): error TS7006: Parameter 'h' implicitly has an 'any' type.
components/SplashCursor.tsx(666,40): error TS7006: Parameter 'internalFormat' implicitly has an 'any' type.
components/SplashCursor.tsx(666,56): error TS7006: Parameter 'format' implicitly has an 'any' type.
components/SplashCursor.tsx(666,64): error TS7006: Parameter 'type' implicitly has an 'any' type.
components/SplashCursor.tsx(666,70): error TS7006: Parameter 'param' implicitly has an 'any' type.
components/SplashCursor.tsx(694,28): error TS7006: Parameter 'target' implicitly has an 'any' type.
components/SplashCursor.tsx(694,36): error TS7006: Parameter 'w' implicitly has an 'any' type.
components/SplashCursor.tsx(694,39): error TS7006: Parameter 'h' implicitly has an 'any' type.
components/SplashCursor.tsx(694,42): error TS7006: Parameter 'internalFormat' implicitly has an 'any' type.
components/SplashCursor.tsx(694,58): error TS7006: Parameter 'format' implicitly has an 'any' type.
components/SplashCursor.tsx(694,66): error TS7006: Parameter 'type' implicitly has an 'any' type.
components/SplashCursor.tsx(694,72): error TS7006: Parameter 'param' implicitly has an 'any' type.
components/SplashCursor.tsx(702,34): error TS7006: Parameter 'target' implicitly has an 'any' type.
components/SplashCursor.tsx(702,42): error TS7006: Parameter 'w' implicitly has an 'any' type.
components/SplashCursor.tsx(702,45): error TS7006: Parameter 'h' implicitly has an 'any' type.
components/SplashCursor.tsx(702,48): error TS7006: Parameter 'internalFormat' implicitly has an 'any' type.
components/SplashCursor.tsx(702,64): error TS7006: Parameter 'format' implicitly has an 'any' type.
components/SplashCursor.tsx(702,72): error TS7006: Parameter 'type' implicitly has an 'any' type.
components/SplashCursor.tsx(702,78): error TS7006: Parameter 'param' implicitly has an 'any' type.
components/SplashCursor.tsx(744,43): error TS18047: 'canvas' is possibly 'null'.
components/SplashCursor.tsx(745,44): error TS18047: 'canvas' is possibly 'null'.
components/SplashCursor.tsx(746,17): error TS18047: 'canvas' is possibly 'null'.
components/SplashCursor.tsx(746,43): error TS18047: 'canvas' is possibly 'null'.
components/SplashCursor.tsx(747,17): error TS18047: 'canvas' is possibly 'null'.
components/SplashCursor.tsx(748,17): error TS18047: 'canvas' is possibly 'null'.
components/SplashCursor.tsx(754,31): error TS7006: Parameter 'dt' implicitly has an 'any' type.
components/SplashCursor.tsx(773,23): error TS7006: Parameter 'dt' implicitly has an 'any' type.
components/SplashCursor.tsx(776,58): error TS7005: Variable 'velocity' implicitly has an 'any' type.
components/SplashCursor.tsx(776,79): error TS7005: Variable 'velocity' implicitly has an 'any' type.
components/SplashCursor.tsx(777,58): error TS7005: Variable 'velocity' implicitly has an 'any' type.
components/SplashCursor.tsx(778,18): error TS7005: Variable 'curl' implicitly has an 'any' type.
components/SplashCursor.tsx(781,63): error TS7005: Variable 'velocity' implicitly has an 'any' type.
components/SplashCursor.tsx(781,84): error TS7005: Variable 'velocity' implicitly has an 'any' type.
components/SplashCursor.tsx(782,63): error TS7005: Variable 'velocity' implicitly has an 'any' type.
components/SplashCursor.tsx(783,59): error TS7005: Variable 'curl' implicitly has an 'any' type.
components/SplashCursor.tsx(786,18): error TS7005: Variable 'velocity' implicitly has an 'any' type.
components/SplashCursor.tsx(787,13): error TS7005: Variable 'velocity' implicitly has an 'any' type.
components/SplashCursor.tsx(790,64): error TS7005: Variable 'velocity' implicitly has an 'any' type.
components/SplashCursor.tsx(790,85): error TS7005: Variable 'velocity' implicitly has an 'any' type.
components/SplashCursor.tsx(791,64): error TS7005: Variable 'velocity' implicitly has an 'any' type.
components/SplashCursor.tsx(792,18): error TS7005: Variable 'divergence' implicitly has an 'any' type.
components/SplashCursor.tsx(795,58): error TS7005: Variable 'pressure' implicitly has an 'any' type.
components/SplashCursor.tsx(797,18): error TS7005: Variable 'pressure' implicitly has an 'any' type.
components/SplashCursor.tsx(798,13): error TS7005: Variable 'pressure' implicitly has an 'any' type.
components/SplashCursor.tsx(801,62): error TS7005: Variable 'velocity' implicitly has an 'any' type.
components/SplashCursor.tsx(801,83): error TS7005: Variable 'velocity' implicitly has an 'any' type.
components/SplashCursor.tsx(802,64): error TS7005: Variable 'divergence' implicitly has an 'any' type.
components/SplashCursor.tsx(804,66): error TS7005: Variable 'pressure' implicitly has an 'any' type.
components/SplashCursor.tsx(805,22): error TS7005: Variable 'pressure' implicitly has an 'any' type.
components/SplashCursor.tsx(806,17): error TS7005: Variable 'pressure' implicitly has an 'any' type.
components/SplashCursor.tsx(810,69): error TS7005: Variable 'velocity' implicitly has an 'any' type.
components/SplashCursor.tsx(810,90): error TS7005: Variable 'velocity' implicitly has an 'any' type.
components/SplashCursor.tsx(811,69): error TS7005: Variable 'pressure' implicitly has an 'any' type.
components/SplashCursor.tsx(812,69): error TS7005: Variable 'velocity' implicitly has an 'any' type.
components/SplashCursor.tsx(813,18): error TS7005: Variable 'velocity' implicitly has an 'any' type.
components/SplashCursor.tsx(814,13): error TS7005: Variable 'velocity' implicitly has an 'any' type.
components/SplashCursor.tsx(817,63): error TS7005: Variable 'velocity' implicitly has an 'any' type.
components/SplashCursor.tsx(817,84): error TS7005: Variable 'velocity' implicitly has an 'any' type.
components/SplashCursor.tsx(819,70): error TS7005: Variable 'velocity' implicitly has an 'any' type.
components/SplashCursor.tsx(819,91): error TS7005: Variable 'velocity' implicitly has an 'any' type.
components/SplashCursor.tsx(820,30): error TS7005: Variable 'velocity' implicitly has an 'any' type.
components/SplashCursor.tsx(825,18): error TS7005: Variable 'velocity' implicitly has an 'any' type.
components/SplashCursor.tsx(826,13): error TS7005: Variable 'velocity' implicitly has an 'any' type.
components/SplashCursor.tsx(829,70): error TS7005: Variable 'dye' implicitly has an 'any' type.
components/SplashCursor.tsx(829,86): error TS7005: Variable 'dye' implicitly has an 'any' type.
components/SplashCursor.tsx(830,63): error TS7005: Variable 'velocity' implicitly has an 'any' type.
components/SplashCursor.tsx(831,61): error TS7005: Variable 'dye' implicitly has an 'any' type.
components/SplashCursor.tsx(833,18): error TS7005: Variable 'dye' implicitly has an 'any' type.
components/SplashCursor.tsx(834,13): error TS7005: Variable 'dye' implicitly has an 'any' type.
components/SplashCursor.tsx(837,25): error TS7006: Parameter 'target' implicitly has an 'any' type.
components/SplashCursor.tsx(843,30): error TS7006: Parameter 'target' implicitly has an 'any' type.
components/SplashCursor.tsx(848,61): error TS7005: Variable 'dye' implicitly has an 'any' type.
components/SplashCursor.tsx(852,31): error TS7006: Parameter 'pointer' implicitly has an 'any' type.
components/SplashCursor.tsx(858,29): error TS7006: Parameter 'pointer' implicitly has an 'any' type.
components/SplashCursor.tsx(868,24): error TS7006: Parameter 'x' implicitly has an 'any' type.
components/SplashCursor.tsx(868,27): error TS7006: Parameter 'y' implicitly has an 'any' type.
components/SplashCursor.tsx(868,30): error TS7006: Parameter 'dx' implicitly has an 'any' type.
components/SplashCursor.tsx(868,34): error TS7006: Parameter 'dy' implicitly has an 'any' type.
components/SplashCursor.tsx(868,38): error TS7006: Parameter 'color' implicitly has an 'any' type.
components/SplashCursor.tsx(870,57): error TS7005: Variable 'velocity' implicitly has an 'any' type.
components/SplashCursor.tsx(871,61): error TS18047: 'canvas' is possibly 'null'.
components/SplashCursor.tsx(871,76): error TS18047: 'canvas' is possibly 'null'.
components/SplashCursor.tsx(875,18): error TS7005: Variable 'velocity' implicitly has an 'any' type.
components/SplashCursor.tsx(876,13): error TS7005: Variable 'velocity' implicitly has an 'any' type.
components/SplashCursor.tsx(878,57): error TS7005: Variable 'dye' implicitly has an 'any' type.
components/SplashCursor.tsx(880,18): error TS7005: Variable 'dye' implicitly has an 'any' type.
components/SplashCursor.tsx(881,13): error TS7005: Variable 'dye' implicitly has an 'any' type.
components/SplashCursor.tsx(884,32): error TS7006: Parameter 'radius' implicitly has an 'any' type.
components/SplashCursor.tsx(885,31): error TS18047: 'canvas' is possibly 'null'.
components/SplashCursor.tsx(885,46): error TS18047: 'canvas' is possibly 'null'.
components/SplashCursor.tsx(890,40): error TS7006: Parameter 'pointer' implicitly has an 'any' type.
components/SplashCursor.tsx(890,49): error TS7006: Parameter 'id' implicitly has an 'any' type.
components/SplashCursor.tsx(890,53): error TS7006: Parameter 'posX' implicitly has an 'any' type.
components/SplashCursor.tsx(890,59): error TS7006: Parameter 'posY' implicitly has an 'any' type.
components/SplashCursor.tsx(894,40): error TS18047: 'canvas' is possibly 'null'.
components/SplashCursor.tsx(895,46): error TS18047: 'canvas' is possibly 'null'.
components/SplashCursor.tsx(903,40): error TS7006: Parameter 'pointer' implicitly has an 'any' type.
components/SplashCursor.tsx(903,49): error TS7006: Parameter 'posX' implicitly has an 'any' type.
components/SplashCursor.tsx(903,55): error TS7006: Parameter 'posY' implicitly has an 'any' type.
components/SplashCursor.tsx(903,61): error TS7006: Parameter 'color' implicitly has an 'any' type.
components/SplashCursor.tsx(906,40): error TS18047: 'canvas' is possibly 'null'.
components/SplashCursor.tsx(907,46): error TS18047: 'canvas' is possibly 'null'.
components/SplashCursor.tsx(914,38): error TS7006: Parameter 'pointer' implicitly has an 'any' type.
components/SplashCursor.tsx(918,32): error TS7006: Parameter 'delta' implicitly has an 'any' type.
components/SplashCursor.tsx(919,31): error TS18047: 'canvas' is possibly 'null'.
components/SplashCursor.tsx(919,46): error TS18047: 'canvas' is possibly 'null'.
components/SplashCursor.tsx(924,32): error TS7006: Parameter 'delta' implicitly has an 'any' type.
components/SplashCursor.tsx(925,31): error TS18047: 'canvas' is possibly 'null'.
components/SplashCursor.tsx(925,46): error TS18047: 'canvas' is possibly 'null'.
components/SplashCursor.tsx(938,27): error TS7006: Parameter 'h' implicitly has an 'any' type.
components/SplashCursor.tsx(938,30): error TS7006: Parameter 's' implicitly has an 'any' type.
components/SplashCursor.tsx(938,33): error TS7006: Parameter 'v' implicitly has an 'any' type.
components/SplashCursor.tsx(982,23): error TS7006: Parameter 'value' implicitly has an 'any' type.
components/SplashCursor.tsx(982,30): error TS7006: Parameter 'min' implicitly has an 'any' type.
components/SplashCursor.tsx(982,35): error TS7006: Parameter 'max' implicitly has an 'any' type.
components/SplashCursor.tsx(988,32): error TS7006: Parameter 'resolution' implicitly has an 'any' type.
components/SplashCursor.tsx(997,36): error TS7006: Parameter 'input' implicitly has an 'any' type.
components/SplashCursor.tsx(1002,27): error TS7006: Parameter 's' implicitly has an 'any' type.
components/SplashCursor.tsx(1013,34): error TS7006: Parameter 'e' implicitly has an 'any' type.
components/SplashCursor.tsx(1022,34): error TS7006: Parameter 'e' implicitly has an 'any' type.
components/SplashCursor.tsx(1035,35): error TS7006: Parameter 'e' implicitly has an 'any' type.
components/SplashCursor.tsx(1045,34): error TS7006: Parameter 'e' implicitly has an 'any' type.
components/SplashCursor.tsx(1055,33): error TS7006: Parameter 'e' implicitly has an 'any' type.
